
=== boot_smoke_test ===
    Finished `release` profile [optimized] target(s) in 0.00s
FAIL: QEMU did not run correctly (exit 127). Log: /tmp/axiomrt_boot_smoke.SaWHqB.log
>>> FAILED: ./tests/boot_smoke_test.sh

=== memory_isolation_qemu_test ===
FAIL[read-kernel]: QEMU exit 127 (log: /tmp/axiomrt_memiso.vZ1Yhk.log)
FAIL[write-unmapped]: QEMU exit 127 (log: /tmp/axiomrt_memiso.6OzKNF.log)
FAIL[exec-nonexec]: QEMU exit 127 (log: /tmp/axiomrt_memiso.T9hwH4.log)
FAIL: memory isolation QEMU tests
>>> FAILED: ./tests/memory_isolation_qemu_test.sh

=== two_task_qemu_test ===
FAIL: QEMU exit 127 (log: /tmp/axiomrt_twotask.TQQDLe.log)
>>> FAILED: ./tests/two_task_qemu_test.sh

=== timer_preemption_qemu_test ===
FAIL: QEMU exit 127 (log: /tmp/axiomrt_timer.ylVC1P.log)
>>> FAILED: ./tests/timer_preemption_qemu_test.sh

=== watchdog_qemu_test ===
FAIL: QEMU exit 127 (log: /tmp/axiomrt_wdog.fAzRGL.log)
>>> FAILED: ./tests/watchdog_qemu_test.sh

=== ipc_rendezvous_qemu_test ===
FAIL: QEMU exit 127 (log: /tmp/axiomrt_ipc.sZG30H.log)
>>> FAILED: ./tests/ipc_rendezvous_qemu_test.sh

=== capability_qemu_test ===
FAIL: QEMU exit 127 (log: /tmp/axiomrt_cap.cCAunD.log)
>>> FAILED: ./tests/capability_qemu_test.sh

=== supervisor_qemu_test ===
FAIL: QEMU exit 127 (log: /tmp/axiomrt_sup.j1dkMI.log)
>>> FAILED: ./tests/supervisor_qemu_test.sh

=== full_fault_containment_demo_qemu_test ===
FAIL: QEMU exit 127 (log: /tmp/axiomrt_full.m6irHb.log)
>>> FAILED: ./tests/full_fault_containment_demo_qemu_test.sh

=== os_shell_qemu_test ===
building os_boot kernel
    Finished `release` profile [optimized] target(s) in 0.00s
booting QEMU (scripted shell session)
MISSING: "AxiomRT kernel booted"
MISSING: "MMU status=enabled mode=sv39 scope=kernel"
MISSING: "TASK_STARTED task=init_service"
MISSING: "SERVICE started=supervisor_service"
MISSING: "SERVICE started=logger_service"
MISSING: "SERVICE started=console_service"
MISSING: "SERVICE started=shell_service"
MISSING: "axiom> "
MISSING: "commands: help version tasks faults ipc caps memory uptime events"
MISSING: "task idx=4 name=shell_service prio=3 state=running"
MISSING: "uptime ticks="
MISSING: "SERVICE started=faulty_task"
MISSING: "CAP_DENIED task=faulty_task reason=no_valid_capability"
MISSING: "FAULT type=WatchdogTimeout task=faulty_task"
MISSING: "CONTAIN scope=user reason=watchdog_timeout action=faulted kernel=alive"
MISSING: "RECOVERY_APPLIED policy=Kill"
MISSING: "SHUTDOWN controlled=true by=shell_service"
MISSING: controlled poweroff (QEMU exit 127)
restoring default build
FAIL: OS shell test
timeout: failed to run command ‘qemu-system-riscv64’: No such file or directory
>>> FAILED: ./tests/os_shell_qemu_test.sh

=== app_loader_qemu_test ===
building os_boot kernel
    Finished `release` profile [optimized] target(s) in 0.00s
booting QEMU (scripted app session)
MISSING: "SERVICE started=app_loader_service"
MISSING: "axiom> "
MISSING: "apps: hello fault_demo counter"
MISSING: "hello: greeter prio=2 caps=console restart=rerun"
MISSING: "SERVICE started=hello"
MISSING: "hello from app: hello"
MISSING: "TASK_EXITED task=hello"
MISSING: "APP counter progress=1"
MISSING: "APP counter progress=3"
MISSING: "APP counter done"
MISSING: "TASK_EXITED task=counter"
MISSING: "SERVICE started=fault_demo"
MISSING: "CAP_DENIED task=fault_demo"
MISSING: "FAULT type=WatchdogTimeout task=fault_demo"
MISSING: "CONTAIN scope=user reason=watchdog_timeout action=faulted kernel=alive"
MISSING: "RECOVERY_APPLIED policy=Kill"
MISSING: "uptime ticks="
MISSING: "SHUTDOWN controlled=true by=shell_service"
MISSING: controlled poweroff (QEMU exit 127)
restoring default build
FAIL: app loader test
timeout: failed to run command ‘qemu-system-riscv64’: No such file or directory
>>> FAILED: ./tests/app_loader_qemu_test.sh

=== readonly_fs_qemu_test ===
building os_boot kernel
    Finished `release` profile [optimized] target(s) in 0.00s
booting QEMU (scripted fs session)
MISSING: "SERVICE started=fs_service"
MISSING: "axiom> "
MISSING: "OK etc apps docs"
MISSING: "OK version limitations"
MISSING: "OK hello.manifest counter.manifest fault_demo.manifest"
MISSING: "OK AxiomRT v1.6"
MISSING: "OK hello: prio=2 caps=console restart=rerun"
MISSING: "ERR not_found"
MISSING: "uptime ticks="
MISSING: "SHUTDOWN controlled=true by=shell_service"
MISSING: controlled poweroff (QEMU exit 127)
ok: no kernel panic during malformed requests
restoring default build
FAIL: read-only filesystem test
timeout: failed to run command ‘qemu-system-riscv64’: No such file or directory
>>> FAILED: ./tests/readonly_fs_qemu_test.sh

=== storage_service_qemu_test ===
building os_boot kernel
    Finished `release` profile [optimized] target(s) in 0.01s
booting QEMU (scripted storage session)
MISSING: "SERVICE started=storage_service"
MISSING: "axiom> "
MISSING: "OK block_size=48 blocks=8 readonly=true"
MISSING: "OK data=AXSTOR v1 blocks=8 bs=48 ro=1"
MISSING: "ERR bad_block"
MISSING: "ERR malformed"
MISSING: "OK data=AxiomRT v1.6"
MISSING: "caps task=shell_service endpoint console info control endpoint endpoint endpoint"
MISSING: "hello from app: hello"
MISSING: "SHUTDOWN controlled=true by=shell_service"
MISSING: controlled poweroff (QEMU exit 127)
ok: no kernel panic
restoring default build
FAIL: storage service test
timeout: failed to run command ‘qemu-system-riscv64’: No such file or directory
>>> FAILED: ./tests/storage_service_qemu_test.sh

=== driver_framework_qemu_test ===
building os_boot kernel
    Finished `release` profile [optimized] target(s) in 0.00s
booting QEMU (scripted driver session)
MISSING: "axiom> "
MISSING: "DEVICE registered=block0 kind=block_skeleton"
MISSING: "IRQ registered source=block0 endpoint=driver_irq"
MISSING: "MMIO grant task=block_driver_service device=block0 region=virtio_mmio0"
MISSING: "DMA grant task=block_driver_service buffer=block0_dma size=4096"
MISSING: "DRIVER started=block_driver_service"
MISSING: "MMIO read task=block_driver_service device=block0 offset=0 value=0x74726976"
MISSING: "MMIO_DENIED task=block_driver_service reason=insufficient_rights"
MISSING: "IRQ delivered to=block_driver_service source=block0"
MISSING: "driver name=block_driver_service state=running kind=block_skeleton"
MISSING: "block_driver_service running"
MISSING: "kind=block_skeleton state=running mmio=granted irq=registered"
MISSING: "FAULT type=PageFault task=block_driver_service"
MISSING: "CONTAIN scope=user reason=user_access_unmapped action=faulted kernel=alive"
MISSING: "IPC delivered fault_event to=supervisor_task from=block_driver_service"
MISSING: "IRQ_DROPPED reason=driver_not_ready"
MISSING: "DRIVER_MANAGER observed=fault driver=block_driver_service"
MISSING: "block_driver_service faulted"
MISSING: "TASK_RESTARTED task=block_driver_service"
MISSING: "DRIVER restarted=block_driver_service"
MISSING: "caps task=shell_service endpoint console info control endpoint endpoint endpoint endpoint"
MISSING: "hello from app: hello"
MISSING: "MMIO_DENIED task=fault_demo reason=no_valid_capability"
MISSING: "DMA_DENIED task=fault_demo reason=no_valid_capability"
MISSING: "OK data=AxiomRT v1.6"
MISSING: "SHUTDOWN controlled=true by=shell_service"
MISSING: controlled poweroff (QEMU exit 127)
ok: no kernel panic
MISSING: running state after fault
restoring default build
FAIL: driver framework test
timeout: failed to run command ‘qemu-system-riscv64’: No such file or directory
>>> FAILED: ./tests/driver_framework_qemu_test.sh

=== restricted_loader_qemu_test ===
building os_boot kernel
    Finished `release` profile [optimized] target(s) in 0.00s
booting QEMU (scripted loader session)
MISSING: "axiom> "
MISSING: "hello.app counter.app fault_demo.app invalid_bad_magic.app invalid_bad_cap.app invalid_bad_checksum.app"
MISSING: "APP_IMAGE loaded=hello source=/bin/hello.app"
MISSING: "OK loaded hello"
MISSING: "OK running hello"
MISSING: "hello from app: hello"
MISSING: "TASK_EXITED task=hello"
MISSING: "OK loaded counter"
MISSING: "OK running counter"
MISSING: "APP counter progress=1"
MISSING: "APP counter progress=3"
MISSING: "APP counter done"
MISSING: "APP_IMAGE rejected=invalid_bad_magic reason=bad_image"
MISSING: "ERR bad_image"
MISSING: "APP_IMAGE rejected=invalid_bad_checksum reason=bad_checksum"
MISSING: "ERR bad_checksum"
MISSING: "APP_IMAGE rejected=invalid_bad_cap reason=denied_capability"
MISSING: "ERR denied_capability"
MISSING: "OK loaded fault_demo"
MISSING: "CAP_DENIED task=fault_demo"
MISSING: "FAULT type=WatchdogTimeout task=fault_demo"
MISSING: "CONTAIN scope=user reason=watchdog_timeout action=faulted kernel=alive"
MISSING: "RECOVERY_APPLIED policy=Kill"
MISSING: "hello from app: hello"
MISSING: "OK etc apps docs bin"
MISSING: "OK block_size=48 blocks=8 readonly=true"
MISSING: "driver name=block_driver_service state=running kind=block_skeleton"
MISSING: "SHUTDOWN controlled=true by=shell_service"
MISSING: controlled poweroff (QEMU exit 127)
ok: no kernel panic
ok: app_loader stayed alive
restoring default build
FAIL: restricted loader test
timeout: failed to run command ‘qemu-system-riscv64’: No such file or directory
>>> FAILED: ./tests/restricted_loader_qemu_test.sh

=== network_service_qemu_test ===
building os_boot kernel
    Finished `release` profile [optimized] target(s) in 0.00s
booting QEMU (scripted network-service session)
MISSING: "axiom> "
MISSING: "SERVICE started=net_driver_service"
MISSING: "SERVICE started=net_service"
MISSING: "NET_DRIVER started=net_driver_service"
MISSING: "NET_SERVICE state=up mode=synthetic"
MISSING: "OK net state=up driver=running tx=0 rx=0 mode=synthetic"
MISSING: "OK tx=0 rx=0"
MISSING: "OK sent test_packet bytes=64"
MISSING: "NET_DRIVER tx_test bytes=64"
MISSING: "NET_TX bytes=64 tx=1"
MISSING: "NET_RX rx=1"
MISSING: "OK rx_count=1"
MISSING: "NET_DRIVER rx_count=1"
MISSING: "NET_DENIED reason=malformed"
MISSING: "ERR malformed"
MISSING: "FAULT type=PageFault task=net_driver_service"
MISSING: "CONTAIN scope=user reason=user_access_unmapped action=faulted kernel=alive"
MISSING: "IPC delivered fault_event to=supervisor_task from=net_driver_service"
MISSING: "DRIVER_MANAGER observed=fault driver=net_driver_service"
MISSING: "NET_DRIVER state=faulted"
MISSING: "OK network fault contained"
MISSING: "ERR driver_down"
MISSING: "TASK_RESTARTED task=net_driver_service"
MISSING: "NET_DRIVER restarted=net_driver_service"
MISSING: "OK restarted"
MISSING: recovered network status after restart
MISSING: "hello from app: hello"
MISSING: "OK etc apps docs bin"
MISSING: "OK block_size=48 blocks=8 readonly=true"
MISSING: "driver name=block_driver_service state=running kind=block_skeleton"
MISSING: "driver name=net_driver_service state=running kind=network_synthetic"
MISSING: "OK loaded hello"
MISSING: "caps task=shell_service endpoint console info control endpoint endpoint endpoint endpoint endpoint"
MISSING: "SHUTDOWN controlled=true by=shell_service"
MISSING: controlled poweroff (QEMU exit 127)
ok: no kernel panic
ok: net_service stayed alive
restoring default build
FAIL: network service test
timeout: failed to run command ‘qemu-system-riscv64’: No such file or directory
>>> FAILED: ./tests/network_service_qemu_test.sh

=== kernel host tests ===
    Finished `test` profile [unoptimized + debuginfo] target(s) in 0.01s
     Running unittests src/lib.rs (target/x86_64-unknown-linux-gnu/debug/deps/kernel-720d12a73e7ffebf)

running 116 tests
test caps::capability::tests::derivation_only_diminishes ... ok
test caps::capability::tests::capability_carries_object_and_rights ... ok
test caps::rights::tests::all_eight_rights_are_distinct ... ok
test caps::rights::tests::diminish_never_amplifies ... ok
test caps::rights::tests::contains_is_subset_test ... ok
test device::tests::access_bounds_reject_misaligned_and_out_of_range ... ok
test device::tests::all_eight_device_rights_are_distinct ... ok
test device::tests::derivation_never_amplifies_rights ... ok
test device::tests::device_capability_creation_carries_id_and_rights ... ok
test device::tests::dma_access_is_confined_to_the_granted_buffer ... ok
test device::tests::insufficient_rights_are_rejected ... ok
test device::tests::irq_raise_policy_matches_documented_table ... ok
test device::tests::mmio_access_requires_capability_then_bounds ... ok
test device::tests::no_capability_means_no_access ... ok
test device::tests::synthetic_network_capability_names_only_net0 ... ok
test device::tests::wrong_device_id_is_rejected ... ok
test fault::event::tests::lifecycle_forward_chain_only ... ok
test fault::event::tests::payload_is_immutable_by_construction ... ok
test fault::event::tests::severity_is_derived_not_chosen ... ok
test fault::event::tests::skipping_and_rewinding_rejected ... ok
test fault::policy_tests::containment_preserves_other_tasks ... ok
test fault::policy_tests::faulting_a_dead_thread_is_an_invariant_violation ... ok
test fault::policy_tests::kernel_fault_triggers_panic_path ... ok
test fault::policy_tests::kernel_invariant_violation_from_user_scope_is_panic ... ok
test fault::policy_tests::user_fault_is_contained_and_marks_thread_faulted ... ok
test fault::wire::tests::bounded_channel_falls_back_to_default_policy ... ok
test fault::wire::tests::decode_rejects_forged_and_corrupt_reports ... ok
test fault::wire::tests::fault_event_reaches_supervisor_through_checked_ipc ... ok
test fault::wire::tests::recovery_decisions_are_validated ... ok
test fault::wire::tests::supervisor_cannot_bypass_capabilities ... ok
test fault::wire::tests::wire_round_trip ... ok
test ipc::endpoint::tests::endpoints_start_idle_and_empty ... ok
test ipc::message::tests::bounded_construction ... ok
test ipc::message::tests::max_size_accepted ... ok
test ipc::message::tests::message_is_a_copy_not_a_view ... ok
test ipc::message::tests::oversized_rejected_before_copy ... ok
test loader::tests::a_valid_layout_is_admitted ... ok
test loader::tests::bad_entry_offset_is_rejected ... ok
test loader::tests::kernel_address_target_is_rejected ... ok
test loader::tests::oversized_image_is_rejected ... ok
test loader::tests::stack_policy_is_one_page ... ok
test loader::tests::wx_user_mapping_is_rejected_by_the_page_table ... ok
test memory::address::tests::distinct_types_prevent_confusion ... ok
test memory::address::tests::kernel_and_user_ranges_are_disjoint ... ok
test memory::address::tests::page_alignment ... ok
test memory::frame::tests::double_allocate_rejected ... ok
test memory::frame::tests::double_free_rejected ... ok
test memory::frame::tests::free_pool_is_not_an_allocation_owner ... ok
test memory::frame::tests::lifecycle_happy_path ... ok
test memory::frame::tests::mapped_frame_cannot_be_freed ... ok
test memory::frame::tests::quarantine_is_terminal ... ok
test memory::pagetable::tests::device_mapping_is_kernel_only ... ok
test memory::pagetable::tests::double_mapping_same_page_rejected ... ok
test memory::pagetable::tests::foreign_frame_rejected ... ok
test memory::pagetable::tests::kernel_frame_never_user_mapped ... ok
test memory::pagetable::tests::map_and_lookup_user_page ... ok
test memory::pagetable::tests::mapped_frame_cannot_be_mapped_twice ... ok
test memory::pagetable::tests::misaligned_rejected ... ok
test memory::pagetable::tests::unmap_returns_frame_to_allocated ... ok
test memory::pagetable::tests::user_page_must_be_in_user_window ... ok
test memory::pagetable::tests::wx_user_mapping_rejected ... ok
test memory::paging::tests::arena_exhaustion_is_explicit ... ok
test memory::pagetable::tests::table_capacity_is_bounded ... ok
test memory::paging::tests::distinct_gigabyte_regions_get_separate_subtrees ... ok
test memory::paging::tests::double_map_rejected ... ok
test memory::paging::tests::identity_range_maps_every_page ... ok
test memory::paging::tests::map_then_translate_round_trip ... ok
test memory::sv39::tests::device_execute_rejected ... ok
test memory::paging::tests::offset_within_page_preserved ... ok
test memory::paging::tests::translate_unmapped_is_none ... ok
test memory::sv39::tests::kernel_rx_leaf_has_no_user_bit ... ok
test memory::sv39::tests::misaligned_rejected ... ok
test memory::sv39::tests::no_access_leaf_rejected ... ok
test memory::sv39::tests::pointer_is_not_a_leaf ... ok
test memory::sv39::tests::ppn_and_satp_encoding ... ok
test memory::sv39::tests::user_rw_leaf_sets_user_bit ... ok
test memory::sv39::tests::user_wx_rejected ... ok
test memory::sv39::tests::write_without_read_rejected ... ok
test monitor::event::tests::names_are_the_documented_nine ... ok
test monitor::event::tests::optional_fields_default_absent ... ok
test monitor::event::tests::severity_is_derived ... ok
test monitor::serial::tests::export_appends_newline_through_sink ... ok
test monitor::serial::tests::optional_fields_appear_only_when_present ... ok
test monitor::serial::tests::renders_mandatory_fields_in_stable_format ... ok
test network::tests::driver_protocol_accepts_only_exact_commands ... ok
test network::tests::error_replies_are_bounded_and_stable ... ok
test monitor::serial::tests::worst_case_line_fits_without_truncation ... ok
test network::tests::four_network_rights_are_distinct ... ok
test network::tests::malformed_and_unknown_requests_fail_safely ... ok
test network::tests::network_rights_are_deny_by_default_and_never_amplify ... ok
test network::tests::oversized_request_is_rejected_before_parsing ... ok
test network::tests::service_protocol_accepts_only_exact_commands ... ok
test network::tests::synthetic_test_packet_has_bounded_deterministic_counters ... ok
test sched::priority::tests::ordering_follows_urgency ... ok
test sched::priority::tests::range_is_enforced ... ok
test sched::queue::tests::capacity_is_bounded ... ok
test sched::queue::tests::double_enqueue_rejected ... ok
test sched::queue::tests::fifo_within_level ... ok
test sched::queue::tests::higher_level_first ... ok
test sched::queue::tests::remove_preserves_order ... ok
test sched::tests::idle_when_empty ... ok
test sched::tests::selects_highest_priority_ready_thread ... ok
test sched::tests::stale_not_ready_entries_are_never_selected ... ok
test thread::context::arch::tests::layout_is_fixed_and_complete ... ok
test thread::context::tests::default_context_is_not_runnable ... ok
test thread::context::tests::null_resume_or_stack_rejected ... ok
test thread::context::tests::valid_context_is_runnable ... ok
test thread::state::tests::blocked_unblocks_to_ready_not_running ... ok
test thread::state::tests::faulted_never_returns_to_execution ... ok
test thread::state::tests::killed_is_terminal ... ok
test thread::state::tests::no_self_transitions ... ok
test thread::state::tests::only_ready_becomes_running ... ok
test thread::tests::born_ready ... ok
test thread::tests::faulted_thread_never_scheduled_again ... ok
test thread::tests::killed_thread_is_immutable ... ok
test thread::tests::run_yield_cycle ... ok

test result: ok. 116 passed; 0 failed; 0 ignored; 0 measured; 0 filtered out; finished in 0.00s

     Running unittests src/main.rs (target/x86_64-unknown-linux-gnu/debug/deps/kernel-91bd75ea1e96586e)

running 4 tests
test user::image::tests::stack_geometry_validated ... ok
test user::image::tests::stack_must_stay_in_user_window ... ok
test user::image::tests::kernel_entry_rejected ... ok
test user::image::tests::valid_image_accepted ... ok

test result: ok. 4 passed; 0 failed; 0 ignored; 0 measured; 0 filtered out; finished in 0.00s

     Running ../tests/capability_tests.rs (target/x86_64-unknown-linux-gnu/debug/deps/capability_tests-63b6cb0c40a35798)

running 7 tests
test insert_rules ... ok
test lookup_valid_capability ... ok
test reject_missing_capability ... ok
test query_reveals_own_authority_only_as_metadata ... ok
test reject_insufficient_rights ... ok
test reject_wrong_object_type ... ok
test revoked_capability_fails_lookup ... ok

test result: ok. 7 passed; 0 failed; 0 ignored; 0 measured; 0 filtered out; finished in 0.00s

     Running ../tests/ipc_capability_tests.rs (target/x86_64-unknown-linux-gnu/debug/deps/ipc_capability_tests-a4bfa92d795cc687)

running 7 tests
test ipc_with_capability_succeeds ... ok
test capability_is_bound_to_its_endpoint ... ok
test recv_requires_receive_right ... ok
test send_requires_send_right ... ok
test ipc_without_capability_fails ... ok
test revoked_capability_stops_ipc ... ok
test wrong_object_type_rejected ... ok

test result: ok. 7 passed; 0 failed; 0 ignored; 0 measured; 0 filtered out; finished in 0.00s

     Running ../tests/ipc_tests.rs (target/x86_64-unknown-linux-gnu/debug/deps/ipc_tests-90b5f2d5ee76e254)

running 10 tests
test bounded_message_size_enforced_before_copy ... ok
test bounded_no_second_sender_queue ... ok
test cancel_non_waiting_thread_is_noop ... ok
test cancel_parked_sender_drops_message_undelivered ... ok
test copy_semantics_no_shared_memory ... ok
test deterministic_same_history_same_outcome ... ok
test receiver_first_rendezvous_delivers_to_waiting_receiver ... ok
test recv_blocks_if_no_sender ... ok
test send_blocks_if_no_receiver ... ok
test sender_first_rendezvous_delivers_and_unblocks ... ok

test result: ok. 10 passed; 0 failed; 0 ignored; 0 measured; 0 filtered out; finished in 0.00s

     Running ../tests/scheduler_tests.rs (target/x86_64-unknown-linux-gnu/debug/deps/scheduler_tests-9a86ce9871938a74)

running 6 tests
test equal_priority_uses_deterministic_fifo_rule ... ok
test blocked_task_not_selected ... ok
test faulted_task_not_selected ... ok
test killed_task_not_selected ... ok
test killed_task_not_selected_even_if_still_queued ... ok
test highest_priority_task_selected ... ok

test result: ok. 6 passed; 0 failed; 0 ignored; 0 measured; 0 filtered out; finished in 0.00s

   Doc-tests kernel

running 0 tests

test result: ok. 0 passed; 0 failed; 0 ignored; 0 measured; 0 filtered out; finished in 0.00s


=== axiomctl host tests ===
    Finished `test` profile [unoptimized + debuginfo] target(s) in 0.00s
     Running unittests src/lib.rs (target/x86_64-unknown-linux-gnu/debug/deps/axiomctl-5c0a05b29b61b4dd)

running 17 tests
test events::tests::capability_denial ... ok
test events::tests::driver_events_appear_in_summary ... ok
test events::tests::foreign_lines_are_skipped_not_guessed ... ok
test events::tests::evt_monitor_line_uses_type_as_kind ... ok
test events::tests::boot_banner_and_bare_fields ... ok
test events::tests::ipc_flags_and_fields ... ok
test events::tests::json_is_lossless_and_escaped ... ok
test events::tests::driver_framework_lines_are_driver_category ... ok
test events::tests::other_fault_stays_fault_category ... ok
test events::tests::parse_log_sequences_and_counts_skips ... ok
test events::tests::recovery_line ... ok
test events::tests::network_events_parse_and_appear_in_summary ... ok
test events::tests::scheduler_line ... ok
test events::tests::task_started_line ... ok
test events::tests::watchdog_fault_is_watchdog_category ... ok
test events::tests::summary_covers_gate_categories ... ok
test events::tests::loader_events_are_loader_category ... ok

test result: ok. 17 passed; 0 failed; 0 ignored; 0 measured; 0 filtered out; finished in 0.00s

     Running unittests src/main.rs (target/x86_64-unknown-linux-gnu/debug/deps/axiomctl-70add2e6c23f9a41)

running 0 tests

test result: ok. 0 passed; 0 failed; 0 ignored; 0 measured; 0 filtered out; finished in 0.00s

   Doc-tests axiomctl

running 0 tests

test result: ok. 0 passed; 0 failed; 0 ignored; 0 measured; 0 filtered out; finished in 0.00s


=== supervisor host tests ===
   Compiling kernel v0.1.0 (/home/mrblackdream/Projects/AxiomRT/kernel)
   Compiling supervisor v0.1.0 (/home/mrblackdream/Projects/AxiomRT/userland/supervisor)
    Finished `test` profile [unoptimized + debuginfo] target(s) in 0.29s
     Running unittests src/lib.rs (userland/supervisor/target/x86_64-unknown-linux-gnu/debug/deps/supervisor-efe639b3b7ec2ab9)

running 4 tests
test tests::empty_channel_reports_nothing_pending ... ok
test tests::fault_event_reaches_supervisor_and_yields_explicit_decision ... ok
test tests::no_capability_means_no_fault_events ... ok
test tests::policy_matches_documented_defaults ... ok

test result: ok. 4 passed; 0 failed; 0 ignored; 0 measured; 0 filtered out; finished in 0.00s

   Doc-tests supervisor

running 0 tests

test result: ok. 0 passed; 0 failed; 0 ignored; 0 measured; 0 filtered out; finished in 0.00s


=== studio host tests ===
    Finished `test` profile [unoptimized + debuginfo] target(s) in 0.00s
     Running unittests src/main.rs (target/x86_64-unknown-linux-gnu/debug/deps/studio-8d903058cf2d0cd3)

running 6 tests
test tests::evidence_names_are_validated ... ok
test tests::all_documented_pages_route ... ok
test tests::query_params_and_tail ... ok
test tests::request_line_parsing ... ok
test tests::network_view_derives_state_counters_and_lifecycle ... ok
test tests::task_states_derive_from_demo_events ... ok

test result: ok. 6 passed; 0 failed; 0 ignored; 0 measured; 0 filtered out; finished in 0.00s


=== coq models ===
sh: line 2: coqc: command not found
>>> FAILED: sh -c cd proofs/coq && \
    coqc MemoryIsolation.v && \
    coqc CapabilityAccess.v && \
    coqc SchedulerPriority.v

=========================

0/16 QEMU tests
VERIFY ALL: FAIL

EXIT_CODE=1
